// Jest Snapshot v1, https://goo.gl/fbAQLP

exports[`Render should render component 1`] = `
<Fragment>
  <DataSourceHttpSettings
    dataSourceConfig={
      Object {
        "access": "proxy",
        "basicAuth": false,
        "basicAuthUser": "",
        "database": "",
        "id": 1,
        "isDefault": true,
        "jsonData": Object {},
        "name": "ArchiverAppliance",
        "orgId": 1,
        "readOnly": false,
        "secureJsonData": Object {
          "accessKey": "",
          "secretKey": "",
        },
        "secureJsonFields": Object {
          "accessKey": false,
          "secretKey": false,
        },
        "type": "ArchiverAppliance",
        "typeLogoUrl": "",
        "typeName": "ArchiverAppliance",
        "uid": "",
        "url": "",
        "user": "",
        "withCredentials": false,
      }
    }
    defaultUrl="http://localhost:17668/retrieval"
    onChange={[MockFunction]}
  />
  <h3
    className="page-heading"
  >
    Misc
  </h3>
  <div
    className="gf-form-group"
  >
    <div
      className="gf-form"
    >
      <Switch$1
        checked={false}
        label="Use Backend"
        labelClass="width-13"
        onChange={[Function]}
        tooltip="Checking this option will enable the data retrieval with backend. The archived data is retrieved and processed on Grafana server, then the data is sent to Grafana client."
      />
    </div>
  </div>
</Fragment>
`;
